xmelab(64): 22.03-s012: (c) Copyright 1995-2023 Cadence Design Systems, Inc.
TOOL:	xmelab(64)	22.03-s012: Started on Aug 18, 2026 at 10:12:01 KST
xmelab
    -MESS
    -access rwc
    tb_seq_jk_3

	Elaborating the design hierarchy:
		Caching library 'work_lib' ....... Done
	Building instance overlay tables: .................... Done
	Generating native compiled code:
		work_lib.seq_jk_3:module <0x1738ea81>
			streams:  12, words:  4999
		work_lib.tb_seq_jk_3:module <0x474c1be3>
			streams:   7, words:  9128
	Building instance specific data structures.
	Loading native compiled code:     .................... Done
	Design hierarchy summary:
		                 Instances  Unique
		Modules:                 2       2
		Registers:               4       4
		Scalar wires:            8       -
		Always blocks:           1       1
		Initial blocks:          4       4
		Cont. assignments:       3       4
		Pseudo assignments:      2       2
		Simulation timescale:  1ps
	Writing initial simulation snapshot: work_lib.tb_seq_jk_3:module
TOOL:	xmelab(64)	22.03-s012: Exiting on Aug 18, 2026 at 10:12:01 KST  (total: 00:00:00)
