============================================================
  Generated by:           Genus(TM) Synthesis Solution 22.17-s071_1
  Generated on:           Aug 18 2026  03:56:44 am
  Module:                 jk_ff_3
  Operating conditions:   PVT_0P9V_125C (balanced_tree)
  Wireload mode:          enclosed
  Area mode:              timing library
============================================================

Timing
-------
  Cost    Critical         Violating 
 Group   Path Slack  TNS     Paths   
-------------------------------------
default    No paths   0.0            
-------------------------------------
Total                 0.0          0 

Instance Count
--------------
Leaf Instance Count             3 
Physical Instance count         0 
Sequential Instance Count       1 
Combinational Instance Count    2 
Hierarchical Instance Count     0 

Area
----
Cell Area                          8.892
Physical Cell Area                 0.000
Total Cell Area (Cell+Physical)    8.892
Net Area                           0.000
Total Area (Cell+Physical+Net)     8.892

Max Fanout                         2 (o_Q)
Min Fanout                         1 (n_0)
Average Fanout                     1.3
Terms to net ratio                 1.5000
Terms to instance ratio            3.0000
Runtime                            17.99056 seconds
Elapsed Runtime                    19 seconds
Genus peak memory usage            1775.21 
Innovus peak memory usage          no_value 
Hostname                           localhost
