============================================================
  Generated by:           Genus(TM) Synthesis Solution 22.17-s071_1
  Generated on:           Aug 18 2026  04:42:46 am
  Module:                 seq_detector
  Operating conditions:   PVT_0P9V_125C (balanced_tree)
  Wireload mode:          enclosed
  Area mode:              timing library
============================================================

Timing
-------
  Cost    Critical         Violating 
 Group   Path Slack  TNS     Paths   
-------------------------------------
default    No paths   0.0            
-------------------------------------
Total                 0.0          0 

Instance Count
--------------
Leaf Instance Count             5 
Physical Instance count         0 
Sequential Instance Count       2 
Combinational Instance Count    3 
Hierarchical Instance Count     0 

Area
----
Cell Area                          17.100
Physical Cell Area                 0.000
Total Cell Area (Cell+Physical)    17.100
Net Area                           0.000
Total Area (Cell+Physical+Net)     17.100

Max Fanout                         3 (r_state[1])
Min Fanout                         0 (i_nRst)
Average Fanout                     1.5
Terms to net ratio                 2.2500
Terms to instance ratio            3.6000
Runtime                            17.978631 seconds
Elapsed Runtime                    20 seconds
Genus peak memory usage            1774.83 
Innovus peak memory usage          no_value 
Hostname                           localhost
