============================================================
  Generated by:           Genus(TM) Synthesis Solution 22.17-s071_1
  Generated on:           Aug 18 2026  03:38:33 am
  Module:                 d_latch_3
  Operating conditions:   PVT_0P9V_125C (balanced_tree)
  Wireload mode:          enclosed
  Area mode:              timing library
============================================================

Timing
-------
  Cost    Critical         Violating 
 Group   Path Slack  TNS     Paths   
-------------------------------------
default    No paths   0.0            
-------------------------------------
Total                 0.0          0 

Instance Count
--------------
Leaf Instance Count             3 
Physical Instance count         0 
Sequential Instance Count       2 
Combinational Instance Count    1 
Hierarchical Instance Count     0 

Area
----
Cell Area                          11.628
Physical Cell Area                 0.000
Total Cell Area (Cell+Physical)    11.628
Net Area                           0.000
Total Area (Cell+Physical+Net)     11.628

Max Fanout                         2 (i_D)
Min Fanout                         1 (o_Q)
Average Fanout                     1.4
Terms to net ratio                 2.0000
Terms to instance ratio            3.3333
Runtime                            17.991978 seconds
Elapsed Runtime                    19 seconds
Genus peak memory usage            1774.25 
Innovus peak memory usage          no_value 
Hostname                           localhost
