============================================================
  Generated by:           Genus(TM) Synthesis Solution 22.17-s071_1
  Generated on:           Aug 18 2026  04:05:04 am
  Module:                 t_ff_with_jk_3
  Operating conditions:   PVT_0P9V_125C (balanced_tree)
  Wireload mode:          enclosed
  Area mode:              timing library
============================================================

Timing
-------
  Cost    Critical         Violating 
 Group   Path Slack  TNS     Paths   
-------------------------------------
default    No paths   0.0            
-------------------------------------
Total                 0.0          0 

Instance Count
--------------
Leaf Instance Count             2 
Physical Instance count         0 
Sequential Instance Count       1 
Combinational Instance Count    1 
Hierarchical Instance Count     0 

Area
----
Cell Area                          8.208
Physical Cell Area                 0.000
Total Cell Area (Cell+Physical)    8.208
Net Area                           0.000
Total Area (Cell+Physical+Net)     8.208

Max Fanout                         3 (o_Q)
Min Fanout                         1 (i_Clk)
Average Fanout                     1.8
Terms to net ratio                 1.7500
Terms to instance ratio            3.5000
Runtime                            17.993037 seconds
Elapsed Runtime                    19 seconds
Genus peak memory usage            1774.75 
Innovus peak memory usage          no_value 
Hostname                           localhost
