============================================================
  Generated by:           Genus(TM) Synthesis Solution 22.17-s071_1
  Generated on:           Aug 18 2026  04:56:39 am
  Module:                 seq_tff_3
  Operating conditions:   PVT_0P9V_125C (balanced_tree)
  Wireload mode:          enclosed
  Area mode:              timing library
============================================================

Timing
-------
  Cost    Critical         Violating 
 Group   Path Slack  TNS     Paths   
-------------------------------------
default    No paths   0.0            
-------------------------------------
Total                 0.0          0 

Instance Count
--------------
Leaf Instance Count             6 
Physical Instance count         0 
Sequential Instance Count       2 
Combinational Instance Count    4 
Hierarchical Instance Count     0 

Area
----
Cell Area                          19.152
Physical Cell Area                 0.000
Total Cell Area (Cell+Physical)    19.152
Net Area                           0.000
Total Area (Cell+Physical+Net)     19.152

Max Fanout                         3 (w_By)
Min Fanout                         0 (i_nRst)
Average Fanout                     1.6
Terms to net ratio                 2.3333
Terms to instance ratio            3.5000
Runtime                            17.975504 seconds
Elapsed Runtime                    20 seconds
Genus peak memory usage            1774.94 
Innovus peak memory usage          no_value 
Hostname                           localhost
