============================================================
  Generated by:           Genus(TM) Synthesis Solution 22.17-s071_1
  Generated on:           Aug 18 2026  03:51:45 am
  Module:                 d_ff_pe
  Operating conditions:   PVT_0P9V_125C (balanced_tree)
  Wireload mode:          enclosed
  Area mode:              timing library
============================================================

Timing
-------
  Cost    Critical         Violating 
 Group   Path Slack  TNS     Paths   
-------------------------------------
default    No paths   0.0            
-------------------------------------
Total                 0.0          0 

Instance Count
--------------
Leaf Instance Count             2 
Physical Instance count         0 
Sequential Instance Count       1 
Combinational Instance Count    1 
Hierarchical Instance Count     0 

Area
----
Cell Area                          6.156
Physical Cell Area                 0.000
Total Cell Area (Cell+Physical)    6.156
Net Area                           0.000
Total Area (Cell+Physical+Net)     6.156

Max Fanout                         2 (o_Q)
Min Fanout                         1 (o_NQ)
Average Fanout                     1.2
Terms to net ratio                 1.2500
Terms to instance ratio            2.5000
Runtime                            17.994488 seconds
Elapsed Runtime                    20 seconds
Genus peak memory usage            1775.45 
Innovus peak memory usage          no_value 
Hostname                           localhost
