xmsim(64): 22.03-s012: (c) Copyright 1995-2023 Cadence Design Systems, Inc.
TOOL:	xmsim(64)	22.03-s012: Started on Aug 18, 2026 at 09:22:11 KST
xmsim
    -MESS
    tb_sr_latch_nand_3
    -gui

xmsim: *W,NOMTDGUI: Multi-Threaded Dumping is disabled for interactive debug mode.

-------------------------------------
Relinquished control to SimVision...
xcelium> 
xcelium> database -open waves -into waves.shm -default
Created default SHM database waves
xcelium> probe -create -shm tb_sr_latch_nand_3.t_Q tb_sr_latch_nand_3.t_Q_n tb_sr_latch_nand_3.t_R tb_sr_latch_nand_3.t_S
Created probe 1
xcelium> run
time=0 | S=0 R=1 | Q=1 Q_n=0
time=10000 | S=1 R=0 | Q=0 Q_n=1
time=20000 | S=1 R=1 | Q=0 Q_n=1
time=30000 | S=0 R=1 | Q=1 Q_n=0
time=40000 | S=1 R=1 | Q=1 Q_n=0
time=50000 | S=0 R=0 | Q=1 Q_n=1
time=60000 | S=1 R=0 | Q=0 Q_n=1
Simulation complete via $finish(1) at time 70 NS + 0
./tb_sr_latch_nand_3.v:44                 $finish ;
xcelium> ^C
xcelium> exit
TOOL:	xmsim(64)	22.03-s012: Exiting on Aug 18, 2026 at 09:23:05 KST  (total: 00:00:54)
