============================================================
  Generated by:           Genus(TM) Synthesis Solution 22.17-s071_1
  Generated on:           Aug 18 2026  04:19:23 am
  Module:                 seq_dff_3
  Operating conditions:   PVT_0P9V_125C (balanced_tree)
  Wireload mode:          enclosed
  Area mode:              timing library
============================================================

Timing
-------
  Cost    Critical         Violating 
 Group   Path Slack  TNS     Paths   
-------------------------------------
default    No paths   0.0            
-------------------------------------
Total                 0.0          0 

Instance Count
--------------
Leaf Instance Count             3 
Physical Instance count         0 
Sequential Instance Count       1 
Combinational Instance Count    2 
Hierarchical Instance Count     0 

Area
----
Cell Area                          10.260
Physical Cell Area                 0.000
Total Cell Area (Cell+Physical)    10.260
Net Area                           0.000
Total Area (Cell+Physical+Net)     10.260

Max Fanout                         2 (o_A)
Min Fanout                         1 (n_0)
Average Fanout                     1.2
Terms to net ratio                 1.5000
Terms to instance ratio            3.0000
Runtime                            17.984046 seconds
Elapsed Runtime                    20 seconds
Genus peak memory usage            1772.94 
Innovus peak memory usage          no_value 
Hostname                           localhost
