xmelab(64): 22.03-s012: (c) Copyright 1995-2023 Cadence Design Systems, Inc.
TOOL:	xmelab(64)	22.03-s012: Started on Aug 18, 2026 at 09:32:01 KST
xmelab
    -MESS
    -access rwc
    tb_d_latch_3

	Elaborating the design hierarchy:
		Caching library 'work_lib' ....... Done
	Building instance overlay tables: .................... Done
	Generating native compiled code:
		work_lib.d_latch_3:module <0x685016c7>
			streams:   1, words:   711
		work_lib.tb_d_latch_3:module <0x767c1853>
			streams:   6, words: 10208
	Building instance specific data structures.
	Loading native compiled code:     .................... Done
	Design hierarchy summary:
		                 Instances  Unique
		Modules:                 2       2
		Registers:               4       4
		Scalar wires:            4       -
		Always blocks:           1       1
		Initial blocks:          3       3
		Pseudo assignments:      2       2
		Simulation timescale:  1ps
	Writing initial simulation snapshot: work_lib.tb_d_latch_3:module
TOOL:	xmelab(64)	22.03-s012: Exiting on Aug 18, 2026 at 09:32:01 KST  (total: 00:00:00)
