xmsim(64): 22.03-s012: (c) Copyright 1995-2023 Cadence Design Systems, Inc.
TOOL:	xmsim(64)	22.03-s012: Started on Aug 18, 2026 at 09:32:01 KST
xmsim
    -MESS
    tb_d_latch_3
    -gui

xmsim: *W,NOMTDGUI: Multi-Threaded Dumping is disabled for interactive debug mode.

-------------------------------------
Relinquished control to SimVision...
xcelium> 
xcelium> database -open waves -into waves.shm -default
Created default SHM database waves
xcelium> probe -create -shm tb_d_latch_3.t_D tb_d_latch_3.t_En tb_d_latch_3.t_Q tb_d_latch_3.t_n_Q
Created probe 1
xcelium> run
time=0 | En=1 D=1 | Q=1 n_Q=0
time=10000 | En=1 D=0 | Q=0 n_Q=1
time=20000 | En=1 D=1 | Q=1 n_Q=0
time=30000 | En=0 D=0 | Q=1 n_Q=0
time=40000 | En=0 D=1 | Q=1 n_Q=0
time=50000 | En=0 D=0 | Q=1 n_Q=0
time=60000 | En=1 D=0 | Q=0 n_Q=1
time=70000 | En=0 D=1 | Q=0 n_Q=1
Simulation complete via $finish(1) at time 80 NS + 0
./tb_d_latch_3.v:45                 $finish ;
xcelium> ^C
xcelium> exit
TOOL:	xmsim(64)	22.03-s012: Exiting on Aug 18, 2026 at 09:32:53 KST  (total: 00:00:52)
