============================================================
  Generated by:           Genus(TM) Synthesis Solution 22.17-s071_1
  Generated on:           Aug 18 2026  03:32:19 am
  Module:                 sr_latch_en_3
  Operating conditions:   PVT_0P9V_125C (balanced_tree)
  Wireload mode:          enclosed
  Area mode:              timing library
============================================================

Timing
-------
  Cost    Critical         Violating 
 Group   Path Slack  TNS     Paths   
-------------------------------------
default    No paths   0.0            
-------------------------------------
Total                 0.0          0 

Instance Count
--------------
Leaf Instance Count             5 
Physical Instance count         0 
Sequential Instance Count       2 
Combinational Instance Count    3 
Hierarchical Instance Count     0 

Area
----
Cell Area                          15.390
Physical Cell Area                 0.000
Total Cell Area (Cell+Physical)    15.390
Net Area                           0.000
Total Area (Cell+Physical+Net)     15.390

Max Fanout                         3 (i_S)
Min Fanout                         1 (o_Q)
Average Fanout                     1.6
Terms to net ratio                 2.2500
Terms to instance ratio            3.6000
Runtime                            17.980674 seconds
Elapsed Runtime                    19 seconds
Genus peak memory usage            1773.94 
Innovus peak memory usage          no_value 
Hostname                           localhost
