xmelab(64): 22.03-s012: (c) Copyright 1995-2023 Cadence Design Systems, Inc.
TOOL:	xmelab(64)	22.03-s012: Started on Aug 18, 2026 at 10:08:23 KST
xmelab
    -MESS
    -access rwc
    tb_seq_dff_3

	Elaborating the design hierarchy:
		Caching library 'work_lib' ....... Done
	Building instance overlay tables: .................... Done
	Generating native compiled code:
		work_lib.seq_dff_3:module <0x698a9cc0>
			streams:   2, words:   608
		work_lib.tb_seq_dff_3:module <0x3aa2e7e3>
			streams:   8, words: 10081
	Building instance specific data structures.
	Loading native compiled code:     .................... Done
	Design hierarchy summary:
		                 Instances  Unique
		Modules:                 2       2
		Registers:               4       4
		Scalar wires:            4       -
		Always blocks:           1       1
		Initial blocks:          4       4
		Pseudo assignments:      3       3
		Simulation timescale:  1ps
	Writing initial simulation snapshot: work_lib.tb_seq_dff_3:module
TOOL:	xmelab(64)	22.03-s012: Exiting on Aug 18, 2026 at 10:08:23 KST  (total: 00:00:00)
