xmsim(64): 22.03-s012: (c) Copyright 1995-2023 Cadence Design Systems, Inc.
TOOL:	xmsim(64)	22.03-s012: Started on Aug 18, 2026 at 10:08:23 KST
xmsim
    -MESS
    tb_seq_dff_3
    -gui

xmsim: *W,NOMTDGUI: Multi-Threaded Dumping is disabled for interactive debug mode.

-------------------------------------
Relinquished control to SimVision...
xcelium> 
xcelium> database -open waves -into waves.shm -default
Created default SHM database waves
xcelium> probe -create -shm tb_seq_dff_3.t_A tb_seq_dff_3.t_Clk tb_seq_dff_3.t_x tb_seq_dff_3.t_y
Created probe 1
xcelium> run
time=0 | x=0 y=1 | A=x
time=20000 | x=0 y=0 | A=x
time=40000 | x=1 y=0 | A=x
time=50000 | x=1 y=1 | A=x
time=70000 | x=0 y=1 | A=x
time=80000 | x=1 y=0 | A=x
Simulation complete via $finish(1) at time 90 NS + 0
./tb_seq_dff_3.v:59                 $finish ;
xcelium> ^C
xcelium> exit
TOOL:	xmsim(64)	22.03-s012: Exiting on Aug 18, 2026 at 10:09:24 KST  (total: 00:01:01)
