xmelab(64): 22.03-s012: (c) Copyright 1995-2023 Cadence Design Systems, Inc.
TOOL:	xmelab(64)	22.03-s012: Started on Aug 18, 2026 at 09:28:44 KST
xmelab
    -MESS
    -access rwc
    tb_sr_latch_en_3

	Elaborating the design hierarchy:
		Caching library 'work_lib' ....... Done
	Building instance overlay tables: .................... Done
	Generating native compiled code:
		work_lib.sr_latch_en_3:module <0x402aaae9>
			streams:   1, words:  1727
		work_lib.tb_sr_latch_en_3:module <0x2e680aa4>
			streams:   7, words: 12433
	Building instance specific data structures.
	Loading native compiled code:     .................... Done
	Design hierarchy summary:
		                 Instances  Unique
		Modules:                 2       2
		Registers:               5       5
		Scalar wires:            5       -
		Always blocks:           1       1
		Initial blocks:          3       3
		Pseudo assignments:      3       3
		Simulation timescale:  1ps
	Writing initial simulation snapshot: work_lib.tb_sr_latch_en_3:module
TOOL:	xmelab(64)	22.03-s012: Exiting on Aug 18, 2026 at 09:28:44 KST  (total: 00:00:00)
