xmelab(64): 22.03-s012: (c) Copyright 1995-2023 Cadence Design Systems, Inc.
TOOL:	xmelab(64)	22.03-s012: Started on Aug 18, 2026 at 10:02:59 KST
xmelab
    -MESS
    -access rwc
    tb_d_ff_asyn_3

	Elaborating the design hierarchy:
		Caching library 'work_lib' ....... Done
	Building instance overlay tables: .................... Done
	Generating native compiled code:
		work_lib.d_ff_asyn_3:module <0x656aed24>
			streams:   4, words:  1316
		work_lib.tb_d_ff_asyn_3:module <0x38b7fe3a>
			streams:   8, words: 10366
	Building instance specific data structures.
	Loading native compiled code:     .................... Done
	Design hierarchy summary:
		                 Instances  Unique
		Modules:                 2       2
		Registers:               4       4
		Scalar wires:            5       -
		Always blocks:           1       1
		Initial blocks:          4       4
		Cont. assignments:       1       1
		Pseudo assignments:      3       3
		Simulation timescale:  1ps
	Writing initial simulation snapshot: work_lib.tb_d_ff_asyn_3:module
TOOL:	xmelab(64)	22.03-s012: Exiting on Aug 18, 2026 at 10:02:59 KST  (total: 00:00:00)
