xmsim(64): 22.03-s012: (c) Copyright 1995-2023 Cadence Design Systems, Inc.
TOOL:	xmsim(64)	22.03-s012: Started on Aug 18, 2026 at 09:41:26 KST
xmsim
    -MESS
    tb_d_ff_ms_3
    -gui

xmsim: *W,NOMTDGUI: Multi-Threaded Dumping is disabled for interactive debug mode.

-------------------------------------
Relinquished control to SimVision...
xcelium> 
xcelium> database -open waves -into waves.shm -default
Created default SHM database waves
xcelium> probe -create -shm tb_d_ff_ms_3.t_D tb_d_ff_ms_3.t_Q tb_d_ff_ms_3.t_clk
Created probe 1
xcelium> run
time=0 | clk=0 D=0 | Q=0
time=5000 | clk=1 D=0 | Q=0
time=10000 | clk=0 D=0 | Q=0
time=12000 | clk=0 D=1 | Q=0
time=15000 | clk=1 D=1 | Q=0
time=20000 | clk=0 D=1 | Q=1
time=22000 | clk=0 D=0 | Q=1
time=25000 | clk=1 D=0 | Q=1
time=30000 | clk=0 D=0 | Q=0
time=32000 | clk=0 D=1 | Q=0
time=35000 | clk=1 D=0 | Q=0
time=40000 | clk=0 D=0 | Q=0
time=42000 | clk=0 D=1 | Q=0
time=45000 | clk=1 D=1 | Q=0
time=50000 | clk=0 D=1 | Q=1
time=55000 | clk=1 D=1 | Q=1
time=60000 | clk=0 D=1 | Q=1
time=62000 | clk=0 D=0 | Q=1
time=65000 | clk=1 D=0 | Q=1
time=70000 | clk=0 D=0 | Q=0
Simulation complete via $finish(1) at time 72 NS + 0
./tb_d_ff_ms_3.v:49                 $finish ;
xcelium> ^C
xcelium> exit
TOOL:	xmsim(64)	22.03-s012: Exiting on Aug 18, 2026 at 09:41:56 KST  (total: 00:00:30)
