============================================================
  Generated by:           Genus(TM) Synthesis Solution 22.17-s071_1
  Generated on:           Aug 18 2026  04:09:02 am
  Module:                 d_ff_asyn_3
  Operating conditions:   PVT_0P9V_125C (balanced_tree)
  Wireload mode:          enclosed
  Area mode:              timing library
============================================================

Timing
-------
  Cost    Critical         Violating 
 Group   Path Slack  TNS     Paths   
-------------------------------------
default    No paths   0.0            
-------------------------------------
Total                 0.0          0 

Instance Count
--------------
Leaf Instance Count             1 
Physical Instance count         0 
Sequential Instance Count       1 
Combinational Instance Count    0 
Hierarchical Instance Count     0 

Area
----
Cell Area                          6.840
Physical Cell Area                 0.000
Total Cell Area (Cell+Physical)    6.840
Net Area                           0.000
Total Area (Cell+Physical+Net)     6.840

Max Fanout                         1 (o_Q)
Min Fanout                         0 (i_Nrst)
Average Fanout                     0.8
Terms to net ratio                 1.0000
Terms to instance ratio            5.0000
Runtime                            17.990334 seconds
Elapsed Runtime                    19 seconds
Genus peak memory usage            1774.73 
Innovus peak memory usage          no_value 
Hostname                           localhost
