xmsim(64): 22.03-s012: (c) Copyright 1995-2023 Cadence Design Systems, Inc.
TOOL:	xmsim(64)	22.03-s012: Started on Aug 18, 2026 at 09:56:27 KST
xmsim
    -MESS
    tb_t_ff_with_jk_3
    -gui

xmsim: *W,NOMTDGUI: Multi-Threaded Dumping is disabled for interactive debug mode.

-------------------------------------
Relinquished control to SimVision...
xcelium> 
xcelium> database -open waves -into waves.shm -default
Created default SHM database waves
xcelium> probe -create -shm tb_t_ff_with_jk_3.t_Clk tb_t_ff_with_jk_3.t_NQ tb_t_ff_with_jk_3.t_Q tb_t_ff_with_jk_3.t_T
Created probe 1
xcelium> run
time=0 | clk=0 T=1 | Q=x NQ=x
time=5000 | clk=1 T=1 | Q=x NQ=x
time=10000 | clk=0 T=1 | Q=x NQ=x
time=15000 | clk=1 T=1 | Q=x NQ=x
time=20000 | clk=0 T=1 | Q=x NQ=x
time=25000 | clk=1 T=1 | Q=x NQ=x
time=30000 | clk=0 T=1 | Q=x NQ=x
time=35000 | clk=1 T=1 | Q=x NQ=x
time=40000 | clk=0 T=0 | Q=x NQ=x
time=45000 | clk=1 T=0 | Q=x NQ=x
time=50000 | clk=0 T=0 | Q=x NQ=x
time=55000 | clk=1 T=0 | Q=x NQ=x
time=60000 | clk=0 T=1 | Q=x NQ=x
time=65000 | clk=1 T=1 | Q=x NQ=x
time=70000 | clk=0 T=1 | Q=x NQ=x
time=75000 | clk=1 T=1 | Q=x NQ=x
time=80000 | clk=0 T=0 | Q=x NQ=x
time=85000 | clk=1 T=0 | Q=x NQ=x
Simulation complete via $finish(1) at time 90 NS + 0
./tb_t_ff_with_jk_3.v:48                 $finish ;
xcelium> ^C
xcelium> exit
TOOL:	xmsim(64)	22.03-s012: Exiting on Aug 18, 2026 at 09:59:52 KST  (total: 00:03:25)
