xmelab(64): 22.03-s012: (c) Copyright 1995-2023 Cadence Design Systems, Inc.
TOOL:	xmelab(64)	22.03-s012: Started on Aug 18, 2026 at 09:49:28 KST
xmelab
    -MESS
    -access rwc
    tb_d_ff_pe

	Elaborating the design hierarchy:
		Caching library 'work_lib' ....... Done
	Building instance overlay tables: .................... Done
	Generating native compiled code:
		work_lib.d_ff_pe:module <0x452cc664>
			streams:   3, words:   744
		work_lib.tb_d_ff_pe:module <0x1e61304b>
			streams:   7, words:  9371
	Building instance specific data structures.
	Loading native compiled code:     .................... Done
	Design hierarchy summary:
		                 Instances  Unique
		Modules:                 2       2
		Registers:               3       3
		Scalar wires:            4       -
		Always blocks:           1       1
		Initial blocks:          4       4
		Cont. assignments:       1       1
		Pseudo assignments:      2       2
		Simulation timescale:  1ps
	Writing initial simulation snapshot: work_lib.tb_d_ff_pe:module
TOOL:	xmelab(64)	22.03-s012: Exiting on Aug 18, 2026 at 09:49:28 KST  (total: 00:00:00)
