xmsim(64): 22.03-s012: (c) Copyright 1995-2023 Cadence Design Systems, Inc.
TOOL:	xmsim(64)	22.03-s012: Started on Aug 18, 2026 at 09:49:28 KST
xmsim
    -MESS
    tb_d_ff_pe
    -gui

xmsim: *W,NOMTDGUI: Multi-Threaded Dumping is disabled for interactive debug mode.

-------------------------------------
Relinquished control to SimVision...
xcelium> 
xcelium> database -open waves -into waves.shm -default
Created default SHM database waves
xcelium> probe -create -shm tb_d_ff_pe.t_D tb_d_ff_pe.t_NQ tb_d_ff_pe.t_Q tb_d_ff_pe.t_clk
Created probe 1
xcelium> run
time=0 | clk=0 D=0 | Q=x NQ=x
time=5000 | clk=1 D=0 | Q=0 NQ=1
time=7000 | clk=1 D=1 | Q=0 NQ=1
time=10000 | clk=0 D=1 | Q=0 NQ=1
time=15000 | clk=1 D=1 | Q=1 NQ=0
time=17000 | clk=1 D=0 | Q=1 NQ=0
time=20000 | clk=0 D=0 | Q=1 NQ=0
time=25000 | clk=1 D=0 | Q=0 NQ=1
time=27000 | clk=1 D=1 | Q=0 NQ=1
time=30000 | clk=0 D=0 | Q=0 NQ=1
time=35000 | clk=1 D=0 | Q=0 NQ=1
time=37000 | clk=1 D=1 | Q=0 NQ=1
time=40000 | clk=0 D=1 | Q=0 NQ=1
time=45000 | clk=1 D=1 | Q=1 NQ=0
time=50000 | clk=0 D=1 | Q=1 NQ=0
time=55000 | clk=1 D=1 | Q=1 NQ=0
time=57000 | clk=1 D=0 | Q=1 NQ=0
time=60000 | clk=0 D=0 | Q=1 NQ=0
time=65000 | clk=1 D=0 | Q=0 NQ=1
Simulation complete via $finish(1) at time 67 NS + 0
./tb_d_ff_pe.v:51                 $finish ;
xcelium> ^C
xcelium> exit
TOOL:	xmsim(64)	22.03-s012: Exiting on Aug 18, 2026 at 09:50:28 KST  (total: 00:01:00)
