xmelab(64): 22.03-s012: (c) Copyright 1995-2023 Cadence Design Systems, Inc.
TOOL:	xmelab(64)	22.03-s012: Started on Aug 18, 2026 at 08:58:04 KST
xmelab
    -MESS
    -access rwc
    tb_sr_latch_nor_3

	Elaborating the design hierarchy:
		Caching library 'work_lib' ....... Done
	Building instance overlay tables: .................... Done
	Generating native compiled code:
		work_lib.sr_latch_nor_3:module <0x4ba5989a>
			streams:   1, words:  1659
		work_lib.tb_sr_latch_nor_3:module <0x29ec76ed>
			streams:   6, words:  9618
	Building instance specific data structures.
	Loading native compiled code:     .................... Done
	Design hierarchy summary:
		                 Instances  Unique
		Modules:                 2       2
		Registers:               4       4
		Scalar wires:            4       -
		Always blocks:           1       1
		Initial blocks:          3       3
		Pseudo assignments:      2       2
		Simulation timescale:  1ps
	Writing initial simulation snapshot: work_lib.tb_sr_latch_nor_3:module
TOOL:	xmelab(64)	22.03-s012: Exiting on Aug 18, 2026 at 08:58:04 KST  (total: 00:00:00)
