xmsim(64): 22.03-s012: (c) Copyright 1995-2023 Cadence Design Systems, Inc.
TOOL:	xmsim(64)	22.03-s012: Started on Aug 18, 2026 at 10:19:03 KST
xmsim
    -MESS
    tb_seq_tff_3
    -gui

xmsim: *W,NOMTDGUI: Multi-Threaded Dumping is disabled for interactive debug mode.

-------------------------------------
Relinquished control to SimVision...
xcelium> 
xcelium> database -open waves -into waves.shm -default
Created default SHM database waves
xcelium> probe -create -shm tb_seq_tff_3.t_Clk tb_seq_tff_3.t_nRst tb_seq_tff_3.t_x tb_seq_tff_3.t_y
Created probe 1
xcelium> run
time=0 | nRst=0 x=0 | y=0
time=12000 | nRst=1 x=1 | y=0
time=35000 | nRst=1 x=1 | y=1
time=45000 | nRst=1 x=1 | y=0
time=62000 | nRst=1 x=0 | y=0
time=82000 | nRst=1 x=1 | y=0
time=95000 | nRst=1 x=1 | y=1
time=105000 | nRst=1 x=1 | y=0
time=115000 | nRst=0 x=1 | y=0
time=121000 | nRst=1 x=1 | y=0
Simulation complete via $finish(1) at time 141 NS + 0
./tb_seq_tff_3.v:65                 $finish ;
xcelium> ^C
xcelium> exit
TOOL:	xmsim(64)	22.03-s012: Exiting on Aug 18, 2026 at 10:19:26 KST  (total: 00:00:23)
